
> memberhub-frontend@1.0.0 build
> vite build

[36mvite v5.4.21 [32mbuilding for production...[36m[39m
[32mΓ£ô[39m 0 modules transformed.
x Build failed in 20ms
error during build:
Could not resolve entry module "index.html".
    at getRollupError (file:///D:/MemberHub/MemberHub/frontend/node_modules/rollup/dist/es/shared/parseAst.js:402:41)
    at error (file:///D:/MemberHub/MemberHub/frontend/node_modules/rollup/dist/es/shared/parseAst.js:398:42)
    at ModuleLoader.loadEntryModule (file:///D:/MemberHub/MemberHub/frontend/node_modules/rollup/dist/es/shared/node-entry.js:21731:20)
    at async Promise.all (index 0)
